This is a normal log line.
[ERROR] Connection failed to database.
[WARN] High memory usage detected.
Critical system failure imminent.
Just a regular info message.
Warning: Disk space low.
